// Jest Snapshot v1, https://goo.gl/fbAQLP

exports[`test the Quote components matches the snapshot 1`] = `
<div
  className="header"
>
  <div
    className="logo"
  >
    <h1>
      Math Magicians
    </h1>
  </div>
  <nav>
    <ul
      className="nav"
    >
      <li
        data-testid={1}
      >
        <a
          aria-current="page"
          className="active-link active"
          href="/"
          onClick={[Function]}
          style={Object {}}
        >
          home
        </a>
      </li>
      <li
        data-testid={2}
      >
        <a
          aria-current={null}
          className="active-link"
          href="/calculator"
          onClick={[Function]}
        >
          Calculator
        </a>
      </li>
      <li
        data-testid={3}
      >
        <a
          aria-current={null}
          className="active-link"
          href="/quotes"
          onClick={[Function]}
        >
          Quotes
        </a>
      </li>
    </ul>
  </nav>
</div>
`;
